---
source: src/tests/e2e/cases.rs
expression: last_snapshot
---
 Zellij (e2e-test)  Tab #1                                                                                                    Alt <[]>  VERTICAL 
┌ Pane #1 ────────────────────────────────────────────────────────────────┐┌ /usr/src/flock/fixtures/append-echo-script.sh ──────────────────────────┐
│$ /usr/src/flock/flock run -s -- "/usr/src/flock/fixtures/append-echo-scr││foo                                                                      │
│ipt.sh"                                                                  ││foo                                                                      │
│terminal_1                                                               ││█                                                                        │
│$                                                                        ││                                                                         │
│$                                                                        ││                                                                         │
│                                                                         ││                                                                         │
│                                                                         ││                                                                         │
│                                                                         ││                                                                         │
│                                                                         ││                                                                         │
│                                                                         ││                                                                         │
│                                                                         ││                                                                         │
│                                                                         ││                                                                         │
│                                                                         ││                                                                         │
│                                                                         ││                                                                         │
│                                                                         ││                                                                         │
│                                                                         ││                                                                         │
│                                                                         ││                                                                         │
│                                                                         ││                                                                         │
│                                                                         ││                                                                         │
│                                                                         ││                                                                         │
└─────────────────────────────────────────────────────────────────────────┘└ [ EXIT CODE: 0 ] <ENTER> re-run, <ESC> drop to shell, <Ctrl-c> exit ────┘
 Ctrl + <g> LOCK  <p> PANE  <t> TAB  <n> RESIZE  <h> MOVE  <s> SEARCH  <o> SESSION  <q> QUIT                                      ...
